Testing execution
Executing workflow wf_path_to_conversion_7cd2651c...
Status: 200
Success: {'execution_id': 'exec_48433c07', 'workflow_id': 'wf_path_to_conversion_7cd2651c', 'status': 'completed', 'started_at': '2025-07-31T15:47:01.822016+00:00', 'message': 'Workflow execution started successfully'}
